
Allocating common symbols
Common symbol       size              file

endpoints           0x180             build/CrossChasm_C5_Cellular/production/_ext/1472/usb.o
bulk_out_ep         0x1               build/CrossChasm_C5_Cellular/production/_ext/1472/usb.o
scsi_attached_count
                    0x4               build/CrossChasm_C5_Cellular/production/_ext/1472/usb.o
scsi_attached       0x1               build/CrossChasm_C5_Cellular/production/_ext/1472/usb.o
bulk_in_ep          0x1               build/CrossChasm_C5_Cellular/production/_ext/1472/usb.o
cdcacm_attached_count
                    0x4               build/CrossChasm_C5_Cellular/production/_ext/1472/usb.o
int_ep              0x1               build/CrossChasm_C5_Cellular/production/_ext/1472/usb.o
other_attached      0x1               build/CrossChasm_C5_Cellular/production/_ext/1472/usb.o
cdcacm_active       0x1               build/CrossChasm_C5_Cellular/production/_ext/1472/cdcacm.o
cdcacm_attached     0x1               build/CrossChasm_C5_Cellular/production/_ext/1472/usb.o
cdc_attached        0x1               build/CrossChasm_C5_Cellular/production/_ext/1472/usb.o

Microchip PIC32 Memory-Usage Report

kseg0 Program-Memory Usage
section                    address  length [bytes]      (dec)  Description
-------                 ----------  -------------------------  -----------
.text                   0x9fc00490         0x252c        9516  App's exec code 
.rodata                 0x9fc029bc          0x1e8         488  Read-only const 
.dinit                  0x9fc02ba4           0xa0         160   
.rodata                 0x9fc02c44           0x90         144  Read-only const 
.text                   0x9fc02cd4           0x10          16  App's exec code 
      Total kseg0_program_mem used  :      0x2854       10324  93.1% of 0x2b50

kseg0 Boot-Memory Usage
section                    address  length [bytes]      (dec)  Description
-------                 ----------  -------------------------  -----------
         Total kseg0_boot_mem used  :           0           0  

Exception-Memory Usage 
section                    address  length [bytes]      (dec)  Description
-------                 ----------  -------------------------  -----------
          Total exception_mem used  :           0           0  <1% of 0x10

kseg1 Boot-Memory Usage
section                    address  length [bytes]      (dec)  Description
-------                 ----------  -------------------------  -----------
.reset                  0xbfc00000          0x10c         268  Reset handler 
         Total kseg1_boot_mem used  :       0x10c         268  29.9% of 0x380
        --------------------------------------------------------------------------
         Total Program Memory used  :      0x2960       10592  88.3% of 0x2ee0
        --------------------------------------------------------------------------


kseg1 Data-Memory Usage
section                    address  length [bytes]      (dec)  Description
-------                 ----------  -------------------------  -----------
.dbg_data               0xa0000000          0x200         512  Memory reserved for debugger exec 
.skip_ram_space         0xa0000200          0x400        1024   
.sdata                  0xa0000600           0x2c          44  Small init data 
.sbss                   0xa000062c          0x15c         348  Small uninit data 
.bss                    0xa0000788          0x180         384  Uninitialized data 
.bss                    0xa0000908         0x1264        4708  Uninitialized data 
.bss                    0xa0001c00          0x200         512  Uninitialized data 
         Total kseg1_data_mem used  :      0x1d6c        7532  61.3% of 0x3000
        --------------------------------------------------------------------------
            Total Data Memory used  :      0x1d6c        7532  61.3% of 0x3000
        --------------------------------------------------------------------------


Dynamic Data-Memory Reservation
section                    address  length [bytes]      (dec)  Description
-------                 ----------  -------------------------  -----------
heap                    0xa0001e08              0           0  Reserved for heap 
stack                   0xa0001e20         0x11d8        4568  Reserved for stack 

        --------------------------------------------------------------------------

Discarded input sections

 .reginfo       0x00000000       0x18 build/CrossChasm_C5_Cellular/production/_ext/1472/main.o
 .reginfo       0x00000000       0x18 build/CrossChasm_C5_Cellular/production/_ext/1472/crt0.o
 .reginfo       0x00000000       0x18 build/CrossChasm_C5_Cellular/production/_ext/1472/cdcacm.o
 .reginfo       0x00000000       0x18 build/CrossChasm_C5_Cellular/production/_ext/1472/usb.o
 .reginfo       0x00000000       0x18 c:/program files (x86)/microchip/xc32/v1.33/bin/bin/../../lib/gcc/pic32mx/4.5.2/../../../../pic32mx/lib/./proc/32MX795F512H\processor.o

Memory Configuration

Name             Origin             Length             Attributes
kseg1_boot_mem   0xbfc00000         0x00000380
debug_vectors    0xbfc00380         0x00000110
kseg0_boot_mem   0x9fc00490         0x00000000
kseg0_program_mem 0x9fc00490         0x00002b50         xr
exception_mem    0xbfc02fe0         0x00000010
debug_exec_mem   0xbfc02000         0x00000000
config3          0xbfc02ff0         0x00000004
config2          0xbfc02ff4         0x00000004
config1          0xbfc02ff8         0x00000004
config0          0xbfc02ffc         0x00000004
kseg1_data_mem   0xa0000000         0x00003000         w !x
sfrs             0xbf800000         0x00100000
configsfrs       0xbfc02ff0         0x00000010
*default*        0x00000000         0xffffffff

Linker script and memory map

LOAD build/CrossChasm_C5_Cellular/production/_ext/1472/main.o
LOAD build/CrossChasm_C5_Cellular/production/_ext/1472/crt0.o
LOAD build/CrossChasm_C5_Cellular/production/_ext/1472/cdcacm.o
LOAD build/CrossChasm_C5_Cellular/production/_ext/1472/usb.o
                0x00000001                __MPLAB_BUILD = 0x1
                0x00000400                PROVIDE (_min_stack_size, 0x400)
                0x00000000                PROVIDE (_min_heap_size, 0x0)
LOAD c:/program files (x86)/microchip/xc32/v1.33/bin/bin/../../lib/gcc/pic32mx/4.5.2/../../../../pic32mx/lib/./proc/32MX795F512H\processor.o
                0x00000001                PROVIDE (_vector_spacing, 0x1)
                0xbfc00000                _ebase_address = ORIGIN (kseg1_boot_mem)
                0xbfc00000                _RESET_ADDR = _ebase_address
                0xbfc02fe0                _DBG_EXCPT_ADDR = ORIGIN (exception_mem)
                0xbfc02000                _DBG_CODE_ADDR = ORIGIN (debug_exec_mem)
                0x00000600                _RAM_SKIP_SIZE = 0x600

.config_BFC02FF0
                0xbfc02ff0        0x4
 *(.config_BFC02FF0)
 .config_BFC02FF0
                0xbfc02ff0        0x4 build/CrossChasm_C5_Cellular/production/_ext/1472/main.o

.config_BFC02FF4
                0xbfc02ff4        0x4
 *(.config_BFC02FF4)
 .config_BFC02FF4
                0xbfc02ff4        0x4 build/CrossChasm_C5_Cellular/production/_ext/1472/main.o

.config_BFC02FF8
                0xbfc02ff8        0x4
 *(.config_BFC02FF8)
 .config_BFC02FF8
                0xbfc02ff8        0x4 build/CrossChasm_C5_Cellular/production/_ext/1472/main.o

.config_BFC02FFC
                0xbfc02ffc        0x4
 *(.config_BFC02FFC)
 .config_BFC02FFC
                0xbfc02ffc        0x4 build/CrossChasm_C5_Cellular/production/_ext/1472/main.o

.reset          0xbfc00000      0x10c
 *(.reset)
 .reset         0xbfc00000       0x10 build/CrossChasm_C5_Cellular/production/_ext/1472/crt0.o
                0xbfc00000                _reset
 *(.reset.startup)
 .reset.startup
                0xbfc00010       0xfc build/CrossChasm_C5_Cellular/production/_ext/1472/crt0.o

.text
 *(.stub .gnu.linkonce.t.*)
 *(.text.*personality*)
 *(.mips16.fn.*)
 *(.mips16.call.*)
 *(.gnu.warning)

.rodata         0x9fc00490        0x0
 *(.rodata.* .gnu.linkonce.r.*)
 *(.rodata1)
                0x9fc00490                . = ALIGN (0x4)

.sdata2         0xbfc0010c        0x0
 *(.sdata2 .sdata2.* .gnu.linkonce.s2.*)
                0xbfc0010c                . = ALIGN (0x4)

.sbss2          0xbfc0010c        0x0
 *(.sbss2 .sbss2.* .gnu.linkonce.sb2.*)
                0xbfc0010c                . = ALIGN (0x4)

.eh_frame_hdr
 *(.eh_frame_hdr)

.eh_frame
 *(.eh_frame)

.dbg_data       0xa0000000      0x200
                0xa0000000                _skip_ram_space_addr = .
                0xa0000200                . = (. + 0x200)
 *fill*         0xa0000000      0x200 

.skip_ram_space
                0xa0000200      0x400
                0xa0000600                . = (. + (_RAM_SKIP_SIZE - SIZEOF (.dbg_data)))
 *fill*         0xa0000200      0x400 
                0xa0000600                _skip_ram_space_end_adder = .

.eh_frame
 *(.eh_frame)
                0xa0000600                . = .
                0xa00085f0                _gp = (ALIGN (0x10) + 0x7ff0)

.got
 *(.got.plt)
 *(.got)

.sdata          0xa0000600       0x2c
                0xa0000600                _sdata_begin = .
 *(.sdata .sdata.* .gnu.linkonce.s.*)
 .sdata         0xa0000600       0x24 build/CrossChasm_C5_Cellular/production/_ext/1472/main.o
                0xa0000600                gCrc
 .sdata         0xa0000624        0x8 build/CrossChasm_C5_Cellular/production/_ext/1472/cdcacm.o
                0xa000062c                _sdata_end = .

.lit8
 *(.lit8)

.lit4
 *(.lit4)
                0xa000062c                . = ALIGN (0x4)
                0xa000062c                _data_end = .
                0xa000062c                _bss_begin = .

.sbss           0xa000062c      0x15c
                0xa000062c                _sbss_begin = .
 *(.dynsbss)
 *(.sbss .sbss.* .gnu.linkonce.sb.*)
 .sbss          0xa000062c      0x104 build/CrossChasm_C5_Cellular/production/_ext/1472/main.o
                0xa000062c                telit_initialized
                0xa000062d                FlashProgramming
 .sbss          0xa0000730        0x8 build/CrossChasm_C5_Cellular/production/_ext/1472/cdcacm.o
 .sbss          0xa0000738       0x38 build/CrossChasm_C5_Cellular/production/_ext/1472/usb.o
 *(.scommon)
 .scommon       0xa0000770        0x1 build/CrossChasm_C5_Cellular/production/_ext/1472/cdcacm.o
                0xa0000770                cdcacm_active
 *fill*         0xa0000771        0x3 
 .scommon       0xa0000774       0x14 build/CrossChasm_C5_Cellular/production/_ext/1472/usb.o
                0xa0000774                bulk_out_ep
                0xa0000778                scsi_attached_count
                0xa000077c                scsi_attached
                0xa000077d                bulk_in_ep
                0xa0000780                cdcacm_attached_count
                0xa0000784                int_ep
                0xa0000785                other_attached
                0xa0000786                cdcacm_attached
                0xa0000787                cdc_attached
                0xa0000788                _sbss_end = .

.bss            0xa0000788      0x180
 *(.dynbss)
 *(COMMON)
 COMMON         0xa0000788      0x180 build/CrossChasm_C5_Cellular/production/_ext/1472/usb.o
                0xa0000788                endpoints
                0xa0000908                . = ALIGN (0x4)
                0xa0000908                . = ALIGN (0x4)
                0xa0000908                _end = .
                0xa0000908                _bss_end = .
                0x00003000                _bmxdudba_address = 0x3000
                0x00003000                _bmxdupba_address = 0x3000

/DISCARD/
 *(.pdr)
 *(.reginfo)
 *(.rel.dyn)
 *(.note.GNU-stack)
 *(.note.GNU-stack)
 *(.gnu_debuglink)
 *(.gnu.lto_*)
 *(.discard)

.stab
 *(.stab)

.stabstr
 *(.stabstr)

.stab.excl
 *(.stab.excl)

.stab.exclstr
 *(.stab.exclstr)

.stab.index
 *(.stab.index)

.stab.indexstr
 *(.stab.indexstr)

.comment        0x00000000       0x3c
 *(.comment)
 .comment       0x00000000       0x3c build/CrossChasm_C5_Cellular/production/_ext/1472/main.o
                                 0x3d (size before relaxing)
 .comment       0x00000000       0x3d build/CrossChasm_C5_Cellular/production/_ext/1472/cdcacm.o
 .comment       0x00000000       0x3d build/CrossChasm_C5_Cellular/production/_ext/1472/usb.o

.debug
 *(.debug)

.line
 *(.line)

.debug_srcinfo
 *(.debug_srcinfo)

.debug_sfnames
 *(.debug_sfnames)

.debug_aranges  0x00000000       0x90
 *(.debug_aranges)
 .debug_aranges
                0x00000000       0x20 build/CrossChasm_C5_Cellular/production/_ext/1472/main.o
 .debug_aranges
                0x00000020       0x30 build/CrossChasm_C5_Cellular/production/_ext/1472/crt0.o
 .debug_aranges
                0x00000050       0x20 build/CrossChasm_C5_Cellular/production/_ext/1472/cdcacm.o
 .debug_aranges
                0x00000070       0x20 build/CrossChasm_C5_Cellular/production/_ext/1472/usb.o

.debug_pubnames
                0x00000000      0x41a
 *(.debug_pubnames)
 .debug_pubnames
                0x00000000      0x22f build/CrossChasm_C5_Cellular/production/_ext/1472/main.o
 .debug_pubnames
                0x0000022f       0x74 build/CrossChasm_C5_Cellular/production/_ext/1472/cdcacm.o
 .debug_pubnames
                0x000002a3      0x177 build/CrossChasm_C5_Cellular/production/_ext/1472/usb.o

.debug_info     0x00000000     0x5575
 *(.debug_info .gnu.linkonce.wi.*)
 .debug_info    0x00000000     0x311b build/CrossChasm_C5_Cellular/production/_ext/1472/main.o
 .debug_info    0x0000311b       0x9f build/CrossChasm_C5_Cellular/production/_ext/1472/crt0.o
 .debug_info    0x000031ba      0xe26 build/CrossChasm_C5_Cellular/production/_ext/1472/cdcacm.o
 .debug_info    0x00003fe0     0x1595 build/CrossChasm_C5_Cellular/production/_ext/1472/usb.o

.debug_abbrev   0x00000000      0xa3a
 *(.debug_abbrev)
 .debug_abbrev  0x00000000      0x432 build/CrossChasm_C5_Cellular/production/_ext/1472/main.o
 .debug_abbrev  0x00000432       0x12 build/CrossChasm_C5_Cellular/production/_ext/1472/crt0.o
 .debug_abbrev  0x00000444      0x2da build/CrossChasm_C5_Cellular/production/_ext/1472/cdcacm.o
 .debug_abbrev  0x0000071e      0x31c build/CrossChasm_C5_Cellular/production/_ext/1472/usb.o

.debug_line     0x00000000      0xcf8
 *(.debug_line)
 .debug_line    0x00000000      0x7b9 build/CrossChasm_C5_Cellular/production/_ext/1472/main.o
 .debug_line    0x000007b9       0xa2 build/CrossChasm_C5_Cellular/production/_ext/1472/crt0.o
 .debug_line    0x0000085b      0x203 build/CrossChasm_C5_Cellular/production/_ext/1472/cdcacm.o
 .debug_line    0x00000a5e      0x29a build/CrossChasm_C5_Cellular/production/_ext/1472/usb.o

.debug_frame    0x00000000      0x4d0
 *(.debug_frame)
 .debug_frame   0x00000000      0x370 build/CrossChasm_C5_Cellular/production/_ext/1472/main.o
 .debug_frame   0x00000370       0xb0 build/CrossChasm_C5_Cellular/production/_ext/1472/cdcacm.o
 .debug_frame   0x00000420       0xb0 build/CrossChasm_C5_Cellular/production/_ext/1472/usb.o

.debug_str      0x00000000      0x27f
 *(.debug_str)
 .debug_str     0x00000000      0x15c build/CrossChasm_C5_Cellular/production/_ext/1472/main.o
 .debug_str     0x0000015c       0x6a build/CrossChasm_C5_Cellular/production/_ext/1472/cdcacm.o
 .debug_str     0x000001c6       0xb9 build/CrossChasm_C5_Cellular/production/_ext/1472/usb.o

.debug_loc      0x00000000     0x15cf
 *(.debug_loc)
 .debug_loc     0x00000000      0xcbc build/CrossChasm_C5_Cellular/production/_ext/1472/main.o
 .debug_loc     0x00000cbc      0x365 build/CrossChasm_C5_Cellular/production/_ext/1472/cdcacm.o
 .debug_loc     0x00001021      0x5ae build/CrossChasm_C5_Cellular/production/_ext/1472/usb.o

.debug_macinfo
 *(.debug_macinfo)

.debug_weaknames
 *(.debug_weaknames)

.debug_funcnames
 *(.debug_funcnames)

.debug_typenames
 *(.debug_typenames)

.debug_varnames
 *(.debug_varnames)

.debug_pubtypes
                0x00000000      0x2ac
 *(.debug_pubtypes)
 .debug_pubtypes
                0x00000000      0x16f build/CrossChasm_C5_Cellular/production/_ext/1472/main.o
 .debug_pubtypes
                0x0000016f       0x73 build/CrossChasm_C5_Cellular/production/_ext/1472/cdcacm.o
 .debug_pubtypes
                0x000001e2       0xca build/CrossChasm_C5_Cellular/production/_ext/1472/usb.o

.debug_ranges   0x00000000       0x28
 *(.debug_ranges)
 .debug_ranges  0x00000000       0x28 build/CrossChasm_C5_Cellular/production/_ext/1472/crt0.o

.gnu.attributes
 *(.gnu.attributes)
OUTPUT(dist/CrossChasm_C5_Cellular/production/chipKIT-Bootloaders.production.elf elf32-tradlittlemips)
LOAD stack
LOAD data_init

.stack          0xa0001e20      0x400
 .stack         0xa0001e20      0x400 stack

.bss            0xa0000908     0x1264
 .bss           0xa0000908      0xdf4 build/CrossChasm_C5_Cellular/production/_ext/1472/main.o
 .bss           0xa00016fc      0x470 build/CrossChasm_C5_Cellular/production/_ext/1472/cdcacm.o

.bss            0xa0001c00      0x200
 .bss           0xa0001c00      0x200 build/CrossChasm_C5_Cellular/production/_ext/1472/usb.o

.bss%z1         0x00000000        0x0
 .bss           0x00000000        0x0 c:/program files (x86)/microchip/xc32/v1.33/bin/bin/../../lib/gcc/pic32mx/4.5.2/../../../../pic32mx/lib/./proc/32MX795F512H\processor.o

.data%z2        0x00000000        0x0
 .data          0x00000000        0x0 c:/program files (x86)/microchip/xc32/v1.33/bin/bin/../../lib/gcc/pic32mx/4.5.2/../../../../pic32mx/lib/./proc/32MX795F512H\processor.o

.mdebug.abi32%z3
                0x00000000        0x0
 .mdebug.abi32  0x00000000        0x0 build/CrossChasm_C5_Cellular/production/_ext/1472/usb.o

.data%z4        0x00000000        0x0
 .data          0x00000000        0x0 build/CrossChasm_C5_Cellular/production/_ext/1472/usb.o

.mdebug.abi32%z5
                0x00000000        0x0
 .mdebug.abi32  0x00000000        0x0 build/CrossChasm_C5_Cellular/production/_ext/1472/cdcacm.o

.data%z6        0x00000000        0x0
 .data          0x00000000        0x0 build/CrossChasm_C5_Cellular/production/_ext/1472/cdcacm.o

.bss%z7         0x00000000        0x0
 .bss           0x00000000        0x0 build/CrossChasm_C5_Cellular/production/_ext/1472/crt0.o

.data%z8        0x00000000        0x0
 .data          0x00000000        0x0 build/CrossChasm_C5_Cellular/production/_ext/1472/crt0.o

.mdebug.abi32%z9
                0x00000000        0x0
 .mdebug.abi32  0x00000000        0x0 build/CrossChasm_C5_Cellular/production/_ext/1472/main.o

.data%z10       0x00000000        0x0
 .data          0x00000000        0x0 build/CrossChasm_C5_Cellular/production/_ext/1472/main.o

.text           0x9fc00490     0x252c
 .text          0x9fc00490     0x1be0 build/CrossChasm_C5_Cellular/production/_ext/1472/main.o
                0x9fc00865                avrbl_state_machine
                0x9fc00921                ConvertAsciiToHex
                0x9fc00969                uart_find
                0x9fc009a5                finder
                0x9fc009d5                uart_tx
                0x9fc009fd                uart_rx_full
                0x9fc00a1d                uart_rx_empty
                0x9fc00a31                uart_rx_pop
                0x9fc00a55                uart_rx_push
                0x9fc00a81                uart_rx
                0x9fc00ac1                uart_clear
                0x9fc00af9                uart_rx_reset
                0x9fc00b0d                crc16Init
                0x9fc00b19                crc16Add
                0x9fc00b6d                crc16Reflected
                0x9fc00b91                WriteHexRecord2Flash
                0x9fc00d89                UpgradeFromModem
                0x9fc00ded                telit_socketstatus
                0x9fc00e4d                telit_readsocket
                0x9fc00f69                telit_cflo
                0x9fc00fcd                telit_getbackupinfo
                0x9fc01121                telit_findbackup
                0x9fc011f9                telit_makebackup
                0x9fc013d0                telit_restorebackup
                0x9fc016b1                hexloader
                0x9fc017cd                otaloader
                0x9fc019f5                otarestore
                0x9fc01c01                main
 .text          0x9fc02070      0x690 build/CrossChasm_C5_Cellular/production/_ext/1472/usb.o
                0x9fc02071                usb_device_enqueue
                0x9fc02119                usb_isr
                0x9fc02579                usb_register
                0x9fc02589                usb_device_descriptor
                0x9fc02595                usb_configuration_descriptor
                0x9fc025a1                usb_string_descriptor
                0x9fc025ad                usb_uninitialize
                0x9fc02685                usb_initialize
 .text          0x9fc02700      0x2bc build/CrossChasm_C5_Cellular/production/_ext/1472/cdcacm.o
                0x9fc0283d                cdcacm_print
                0x9fc02935                cdcacm_command_ack
                0x9fc0295d                cdcacm_register
                0x9fc029b9                null_reset_cbfn

.rodata         0x9fc029bc      0x1e8
 .rodata        0x9fc029bc      0x1e8 build/CrossChasm_C5_Cellular/production/_ext/1472/main.o

.dinit          0x9fc02ba4       0xa0
 .dinit         0x9fc02ba4       0xa0 data_init

.rodata         0x9fc02c44       0x90
 .rodata        0x9fc02c44       0x90 build/CrossChasm_C5_Cellular/production/_ext/1472/cdcacm.o

.text           0x9fc02cd4       0x10
 .text          0x9fc02cd4       0x10 build/CrossChasm_C5_Cellular/production/_ext/1472/crt0.o
                0x9fc02cdc                __crt0_exit

.text%z11       0x00000000        0x0
 .text          0x00000000        0x0 c:/program files (x86)/microchip/xc32/v1.33/bin/bin/../../lib/gcc/pic32mx/4.5.2/../../../../pic32mx/lib/./proc/32MX795F512H\processor.o
